2025-02-20T12:03:10.770035-08:00 DESKTOP-RKJA15K Microsoft-Windows-Install-Agent[5276] onecoreuap\enduser\winstore\installservice\lib\RegHelpers.h(166)\InstallServiceTasks.dll!00007FF9A5F274BE: (caller: 00007FF9A5F27418) Exception(2) tid(334c) 80070005 Access is denied.    Error: Access is denied.  Function:   Source: onecoreuap\enduser\winstore\installservice\lib\scanforupdatesworker.cpp (308)#015
2025-02-20T12:03:10.770387-08:00 DESKTOP-RKJA15K Microsoft-Windows-Install-Agent[5276] Auto update is enabled - 0 updates to be scheduled with UO  Error: Unknown HResult Error code: 0xefffffff  Function: ScanForUpdatesWorker::DoWork  Source: onecoreuap\enduser\winstore\installservice\lib\scanforupdatesworker.cpp (620)#015
2025-02-20T12:03:13.613587-08:00 DESKTOP-RKJA15K Microsoft-Windows-Bits-Client[14920] BITS stopped transferring the Chrome Component Updater transfer job that is associated with the http://edgedl.me.gvt1.com/edgedl/diffgen-puffin/hfnkpimlhhgieaddgfemjhofmfblmnib/656aa599d4160e744d6546c86e9d1c9529f7735b94db3c9250801b22dd60f94d URL. The status code is 0x0.#015
2025-02-20T12:03:15.527784-08:00 DESKTOP-RKJA15K Microsoft-Windows-Security-Mitigations[16764] Process '\Device\HarddiskVolume3\Users\doris\AppData\Local\Programs\Opera\opera.exe' (PID 16764) was blocked from making system calls to Win32k.sys.#015
2025-02-20T12:03:15.625450-08:00 DESKTOP-RKJA15K Microsoft-Windows-Security-Mitigations[4340] Process '\Device\HarddiskVolume3\Users\doris\AppData\Local\Programs\Opera\opera.exe' (PID 4340) was blocked from making system calls to Win32k.sys.#015
2025-02-20T12:03:15.765287-08:00 DESKTOP-RKJA15K Microsoft-Windows-WindowsUpdateClient[10976] Windows Update successfully found 0 updates.#015
2025-02-20T12:03:15.457494-08:00 DESKTOP-RKJA15K Microsoft-Windows-Bits-Client[14920] The transfer job is complete.  User: DESKTOP-RKJA15K\doris  Transfer job: Chrome Component Updater  Job ID: {b318427b-4c5c-4779-8c05-126b9781dc59}  Owner: DESKTOP-RKJA15K\doris  File count: 1#015
2025-02-20T12:03:38.832522-08:00 DESKTOP-RKJA15K Microsoft-Windows-Diagnosis-PCW[5900] Counter 6 of instance ({3976adcc-b8ec-4ff9-ae0c-6943a79f212a}, Win32_WinSAT, 0) could not be modified. Error: "The parameter is incorrect."#015
2025-02-20T12:03:38.834381-08:00 DESKTOP-RKJA15K Microsoft-Windows-Diagnosis-PCW[5900] Counter 6 of instance ({3976adcc-b8ec-4ff9-ae0c-6943a79f212a}, Win32_DeviceGuard, 0) could not be modified. Error: "The parameter is incorrect."#015
2025-02-20T12:03:43.793492-08:00 DESKTOP-RKJA15K Microsoft-Windows-Kernel-PnP[4] Device USB\VID_0000&PID_0001\5&1ad8e564&0&15 has been surprise removed as it was reported to be failing.  Count of devices removed: 1#015
2025-02-20T12:03:53.709900-08:00 DESKTOP-RKJA15K Microsoft-Windows-Application-Experience[16424] Compatibility fix applied to C:\Users\doris\AppData\Local\Programs\Opera\opera.exe.  Fix information: Opera, {6c274e45-2cc5-47d5-8ff0-dc87e1dc115a}, 0x80010101.#015
2025-02-20T12:03:53.776493-08:00 DESKTOP-RKJA15K Microsoft-Windows-Application-Experience[16424] Compatibility fix applied to C:\WINDOWS\System32\DriverStore\FileRepository\iigd_dch.inf_amd64_a1e7755eb10c8b98\igd10iumd64.dll.  Fix information: Intel Graphics User Mode Driver, {178d4480-345a-4a8d-b9e1-71eaf3b9fb3e}, 0x82010101.#015
2025-02-20T12:03:58.668773-08:00 DESKTOP-RKJA15K Microsoft-Windows-Security-SPP[15136] Successfully scheduled Software Protection service for re-start at 2125-01-27T20:03:58Z. Reason: RulesEngine.#015
2025-02-20T12:04:08.671232-08:00 DESKTOP-RKJA15K Microsoft-Windows-AppReadiness[12420] Checking for service idle. (Result=true, Reason=None)#015
2025-02-20T12:04:08.671694-08:00 DESKTOP-RKJA15K Microsoft-Windows-AppReadiness[12420] For 'S-1-5-21-562782117-3786257529-2867160909-1001' has changed mode from 'AfterLogon' to 'LoggingOff'#015
2025-02-20T12:04:08.671710-08:00 DESKTOP-RKJA15K Microsoft-Windows-AppReadiness[12420] For 'S-1-5-21-562782117-3786257529-2867160909-1002' has changed mode from 'AfterLogon' to 'LoggingOff'#015
2025-02-20T12:04:08.671717-08:00 DESKTOP-RKJA15K Microsoft-Windows-AppReadiness[12420] For 'S-1-5-18' has changed mode from 'AfterLogon' to 'LoggingOff'#015
2025-02-20T12:04:08.687411-08:00 DESKTOP-RKJA15K Microsoft-Windows-AppReadiness[12420] App Readiness service has stopped.#015
2025-02-20T12:04:08.687417-08:00 DESKTOP-RKJA15K Microsoft-Windows-AppReadiness[12420] 2025-02-20 12:04:08 DESKTOP-RKJA15K INFO 103 NT AUTHORITY\SYSTEM [The description for EventID 103 from source Microsoft-Windows-AppReadiness cannot be found: The message ID for the desired message could not be found.  ]#015
2025-02-20T12:04:29.913519-08:00 DESKTOP-RKJA15K Microsoft-Windows-Kernel-PnP[4] Device USB\VID_0000&PID_0001\5&1ad8e564&0&15 has been surprise removed as it was reported to be failing.  Count of devices removed: 1#015
2025-02-20T12:05:02.427335-08:00 DESKTOP-RKJA15K Microsoft-Windows-Diagnosis-PCW[5900] Counter 6 of instance ({3976adcc-b8ec-4ff9-ae0c-6943a79f212a}, Win32_TpmProvider, 0) could not be modified. Error: "The parameter is incorrect."#015
2025-02-20T12:05:02.429875-08:00 DESKTOP-RKJA15K Microsoft-Windows-Diagnosis-PCW[5900] Counter 6 of instance ({3976adcc-b8ec-4ff9-ae0c-6943a79f212a}, DeliveryOptimizationMIProv, 0) could not be modified. Error: "The parameter is incorrect."#015
2025-02-20T12:05:07.151707-08:00 DESKTOP-RKJA15K Microsoft-Windows-WindowsUpdateClient[10976] Windows Update successfully found 0 updates.#015
2025-02-20T12:05:07.151720-08:00 DESKTOP-RKJA15K Microsoft-Windows-WindowsUpdateClient[10976] Windows Update successfully found 0 updates.#015
2025-02-20T12:05:15.470955-08:00 DESKTOP-RKJA15K Service_Control_Manager[648] The start type of the Background Intelligent Transfer Service service was changed from auto start to demand start.#015
2025-02-20T12:05:16.004485-08:00 DESKTOP-RKJA15K Microsoft-Windows-Kernel-PnP[4] Device USB\VID_0000&PID_0001\5&1ad8e564&0&15 has been surprise removed as it was reported to be failing.  Count of devices removed: 1#015
2025-02-20T12:05:32.444912-08:00 DESKTOP-RKJA15K Microsoft-Windows-Diagnosis-PCW[5900] Counter 6 of instance ({3976adcc-b8ec-4ff9-ae0c-6943a79f212a}, Win32_DeviceGuard, 0) could not be modified. Error: "The parameter is incorrect."#015
2025-02-20T12:05:33.633515-08:00 DESKTOP-RKJA15K Microsoft-Windows-StorPort[0] Performance summary for Storport Device (Port = 0, Path = 0, Target = 0, Lun = 0) whose Corresponding Class Disk Device Guid is {88d2e983-0216-21dc-cdc2-b84026b11754}:                   Total IO:189969                   For latency buckets of 128us, 256us, 512us, 1ms, 4ms, 16ms, 64ms, 128ms, 256ms, 512ms, 1000ms, 2000ms, 10000ms, 10000+ms,                   The IO success counts are 127910, 32773, 10889, 3685, 6523, 3904, 2987, 1298, 0, 0, 0, 0, 0, 0.                   The IO failed counts are 0, 0, 0, 0, 0, 0, 0, 0, 0, 0, 0, 0, 0, 0.                   The IO total latency (in 100ns) are 84822916, 55517805, 39140799, 26328708, 128165199, 312712994, 960661366, 1291668219, 0, 0, 0, 0, 0, 0.                   Total Bytes Read:6531952640                   Total Bytes Written:2780404736#015
2025-02-20T12:05:33.633535-08:00 DESKTOP-RKJA15K Microsoft-Windows-StorPort[0] Error summary for Storport Device (Port = 0, Path = 0, Target = 0, Lun = 0) whose Corresponding Class Disk Device Guid is {88d2e983-0216-21dc-cdc2-b84026b11754}:                       There were 4 total errors seen and 0 timeouts.                       The last error seen had opcode 0x1B and completed with SrbStatus 0x6 and ScsiStatus 0x2.                       The sense code was (0x5,0x24,0x0).                       The latency was 1 ms.#015
2025-02-20T12:05:33.640797-08:00 DESKTOP-RKJA15K Microsoft-Windows-StorPort[4] NVMe Health Information Log for Storport Device (Port = 0, Path = 0x0, Target = 0x0, Lun = 0x0).                      Corresponding Class Disk Device Guid is {88d2e983-0216-21dc-cdc2-b84026b11754}.#015
2025-02-20T12:05:33.903451-08:00 DESKTOP-RKJA15K Microsoft-Windows-AppxPackagingOM[9012] The reader was created successfully for app package Microsoft.SecHealthUI_1000.27703.1006.0_x64__8wekyb3d8bbwe.#015
2025-02-20T12:05:34.185102-08:00 DESKTOP-RKJA15K Microsoft-Windows-AppxPackagingOM[9012] The reader was created successfully for app package Microsoft.SecHealthUI_1000.27703.1006.0_x64__8wekyb3d8bbwe.#015
2025-02-20T12:05:34.768750-08:00 DESKTOP-RKJA15K Microsoft-Windows-GroupPolicy[9820] Started the Group Policy service initialization phase.#015
2025-02-20T12:05:34.772084-08:00 DESKTOP-RKJA15K Microsoft-Windows-GroupPolicy[9820] Group Policy Service started.#015
2025-02-20T12:05:34.773817-08:00 DESKTOP-RKJA15K Microsoft-Windows-GroupPolicy[9820] Group Policy Session started.#015
2025-02-20T12:05:34.775540-08:00 DESKTOP-RKJA15K Microsoft-Windows-GroupPolicy[9820] message repeated 2 times: [Group Policy Session started.#015]
2025-02-20T12:05:54.016530-08:00 DESKTOP-RKJA15K Microsoft-Windows-Kernel-PnP[4] Device USB\VID_2386&PID_432E\5&1ad8e564&0&10 has been surprise removed as it is reported as missing on the bus.  Count of devices removed: 3#015
2025-02-20T12:05:55.256032-08:00 DESKTOP-RKJA15K Win32k[4] Touch/Touchpad Hardware Quality Assurance verification succeeded.#015
2025-02-20T12:06:02.111524-08:00 DESKTOP-RKJA15K Microsoft-Windows-Kernel-PnP[4] Device USB\VID_0000&PID_0001\5&1ad8e564&0&15 has been surprise removed as it was reported to be failing.  Count of devices removed: 1#015
2025-02-20T12:06:34.705613-08:00 DESKTOP-RKJA15K Microsoft-Windows-Diagnosis-PCW[5900] Counter 6 of instance ({3976adcc-b8ec-4ff9-ae0c-6943a79f212a}, Win32_DeviceGuard, 0) could not be modified. Error: "The parameter is incorrect."#015
2025-02-20T12:06:48.242399-08:00 DESKTOP-RKJA15K Microsoft-Windows-Kernel-PnP[4] Device USB\VID_0000&PID_0001\5&1ad8e564&0&15 has been surprise removed as it was reported to be failing.  Count of devices removed: 1#015
2025-02-20T12:07:04.710873-08:00 DESKTOP-RKJA15K Microsoft-Windows-Diagnosis-PCW[4084] Counter 6 of instance ({3976adcc-b8ec-4ff9-ae0c-6943a79f212a}, WMIProv, 0) could not be modified. Error: "The parameter is incorrect."#015
2025-02-20T12:07:07.347714-08:00 DESKTOP-RKJA15K Microsoft-Windows-LiveId[10944] Operation: Service stopped  Details: The service has stopped.  Status: 0x0  #015
2025-02-20T12:07:21.078461-08:00 DESKTOP-RKJA15K Microsoft-Client-Licensing-Platform[12732] ClipSVC service has shutdown.#015
2025-02-20T12:07:24.998652-08:00 DESKTOP-RKJA15K Microsoft-Windows-Application-Experience[3312] Compatibility fix applied to C:\WINDOWS\System32\DriverStore\FileRepository\iigd_dch.inf_amd64_a1e7755eb10c8b98\igd10iumd64.dll.  Fix information: Intel Graphics User Mode Driver, {178d4480-345a-4a8d-b9e1-71eaf3b9fb3e}, 0x82010101.#015
2025-02-20T12:07:34.392651-08:00 DESKTOP-RKJA15K Microsoft-Windows-Kernel-PnP[4] Device USB\VID_0000&PID_0001\5&1ad8e564&0&15 has been surprise removed as it was reported to be failing.  Count of devices removed: 1#015
2025-02-20T12:07:58.072727-08:00 DESKTOP-RKJA15K Microsoft-Windows-NlaSvc[2032] Gateway resolution failed on interface {0bda54e9-486e-457a-bca2-0ebed671a93a} for fe80::8eae:4cff:fedd:252c with error: 0x43#015
2025-02-20T12:08:02.244217-08:00 DESKTOP-RKJA15K Microsoft-Windows-NlaSvc[2032] Gateway resolution failed on interface {0bda54e9-486e-457a-bca2-0ebed671a93a} for fe80::8eae:4cff:fedd:252c with error: 0x43#015
2025-02-20T12:08:20.515338-08:00 DESKTOP-RKJA15K Microsoft-Windows-Kernel-PnP[4] Device USB\VID_0000&PID_0001\5&1ad8e564&0&15 has been surprise removed as it was reported to be failing.  Count of devices removed: 1#015
